data <- read_excel("~/COVID19_line_list_data.xlsx")
library(Hmisc)#import

describe(data) #hmisc command

#cleaned up death data
data$death_dummy = as.integer(data$death != 0)

#finding death rate
sum(data$death_dummy) / nrow(data) #rate 5.8%

#age of people who die
#people who die are older
dead = subset(data, death_dummy == 1) #63
alive = subset(data, death_dummy == 0) #1022
mean(dead$age)






console:
> library(readxl)
> COVID19_line_list_data <- read_excel("~/COVID19_line_list_data.xlsx", 
+                                      col_types = c("numeric", "numeric", "text", 
+                                                    "numeric", "text", "text", "text", 
+                                                    "text", "numeric", "text", "text", 
+                                                    "text", "text", "text", "numeric", 
+                                                    "text", "text", "text", "text", "text", 
+                                                    "text"))
New names:
• `` -> `...4`
There were 50 or more warnings (use warnings() to see the first 50)
> View(COVID19_line_list_data)
> COVID19_line_list_data <- read_excel("~/COVID19_line_list_data.xlsx", 
+                                      col_types = c("numeric", "numeric", "text", 
+                                                    "numeric", "text", "text", "text", 
+                                                    "text", "numeric", "text", "text", 
+                                                    "text", "text", "text", "numeric", 
+                                                    "text", "text", "text", "text", "text", 
+                                                    "text"))
New names:
• `` -> `...4`
There were 50 or more warnings (use warnings() to see the first 50)
> View(COVID19_line_list_data)
> data <- read_excel("~/COVID19_line_list_data.xlsx", 
+                                      col_types = c("numeric", "numeric", "text", 
+                                                    "numeric", "text", "text", "text", 
+                                                    "text", "numeric", "text", "text", 
+                                                    "text", "text", "text", "numeric", 
+                                                    "text", "text", "text", "text", "text", 
+                                                    "text"))
New names:
• `` -> `...4`
There were 50 or more warnings (use warnings() to see the first 50)
> View(COVID19_line_list_data)
> library(Hmisc)#import
> describe(data) #hmisc command
data 

 21  Variables      1085  Observations
------------------------------------------------
id 
       n  missing distinct     Info     Mean 
    1085        0     1085        1      543 
     Gmd      .05      .10      .25      .50 
     362     55.2    109.4    272.0    543.0 
     .75      .90      .95 
   814.0    976.6   1030.8 

lowest :    1    2    3    4    5
highest: 1081 1082 1083 1084 1085
------------------------------------------------
case_in_country 
       n  missing distinct     Info     Mean 
     888      197      197        1    48.84 
     Gmd      .05      .10      .25      .50 
   54.99     2.00     4.00    11.00    28.00 
     .75      .90      .95 
   67.25   110.30   153.65 

lowest :    1    2    3    4    5
highest:  365  443  875  925 1443

0 (215, 0.242), 20 (241, 0.271), 40 (137,
0.154), 60 (81, 0.091), 80 (84, 0.095), 100
(40, 0.045), 120 (22, 0.025), 140 (19, 0.021),
160 (22, 0.025), 180 (19, 0.021), 200 (1,
0.001), 280 (1, 0.001), 300 (1, 0.001), 360 (1,
0.001), 440 (1, 0.001), 880 (1, 0.001), 920 (1,
0.001), 1440 (1, 0.001)

For the frequency table, variable is rounded to the nearest 20
------------------------------------------------
reporting date 
       n  missing distinct 
    1085        0       44 

lowest : 2020-01-13 2020-01-15 2020-01-17 2020-01-20 2020-01-21
highest: 2020-02-25 2020-02-26 2020-02-27 2020-02-28 NA        
------------------------------------------------
summary 
       n  missing distinct 
    1085        0      968 

lowest : confirmed COVID-19 pneumonia patient No.11 in Tianjin: female, 55, symptom onset on 01/23/2020, hospitalized on 01/23/2020, confirmed on 01/26/2020                                                                                                 confirmed COVID-19 pneumonia patient No.12 in Tianjin: female, 79, symptom onset on 01/24/2020, hospitalized on 01/24/2020, confirmed on 01/26/2020                                                                                                 confirmed COVID-19 pneumonia patient No.13 in Tianjin: female, 19, symptom onset on 01/19/2020, hospitalized on 01/20/2020, confirmed on 01/26/2020                                                                                                 confirmed COVID-19 pneumonia patient No.14 in Tianjin: male, 71, Wuhan resident, visited Malaysia from 01/19/2020 to 01/25/2020, arrived in Tianjin on 01/25/2020, symptom onset on 01/25/2020, hospitalized on 01/25/2020, confirmed on 01/26/2020 confirmed imported COVID-19 pneumonia patient in Gansu: female, 20, lives in Wuhan, arrived in Gansu on 01/18/2020, symptom onset on 01/19/2020, visit clinic on 01/24/2020, hospitalized on 01/24/2020.                                           
highest: new recovered imported COVID-19 pneumonia patient in Beijing: female, returned to Beijing from Wuhan on 01/08/2020, symptom onset afterwards, recovered on 01/24/2020.                                                                              new recovered imported COVID-19 pneumonia patient in Beijing: male, returned to Beijing from Wuhan on 01/08/2020, symptom onset afterwards, recovered on 01/25/2020.                                                                                Second confirmed imported COVID-19 pneumonia patient in Guangxi: male, 46, in contact with individuals from Wuhan before symptom onset. symptom onset on 01/20/2020.                                                                                Second confirmed imported COVID-19 pneumonia patient in Liaoning: male, 40, works in Wuhan, visit Fushun, Liaoning on 01/12/2020, symptom onset on 01/14/2020, visit clinic in Fushun Dalian on 01/19/2020.                                         Second confirmed imported COVID-19 pneumonia patient in Sichuan: male, 57, Wuhan resident, visited Sichuan on 01/15/2020, symptom onset on 01/16/2020 and hospitalized.                                                                            
------------------------------------------------
location 
       n  missing distinct 
    1085        0      156 

lowest : Afghanistan      Aichi Prefecture Alappuzha        Algeria          Amiens          
highest: Yunnan           Zabaikalsky      Zaragoza         Zhejiang         Zhuhai          
------------------------------------------------
country 
       n  missing distinct 
    1085        0       38 

lowest : Afghanistan Algeria     Australia   Austria     Bahrain    
highest: Thailand    UAE         UK          USA         Vietnam    
------------------------------------------------
gender 
       n  missing distinct 
    1085        0        3 
                               
Value      female   male     NA
Frequency     382    520    183
Proportion  0.352  0.479  0.169
------------------------------------------------
age 
       n  missing distinct     Info     Mean 
     843      242       85    0.999    49.48 
     Gmd      .05      .10      .25      .50 
   20.79     22.0     25.0     35.0     51.0 
     .75      .90      .95 
    64.0     75.0     78.9 

lowest :  0.25  0.50  1.00  2.00  4.00
highest: 86.00 87.00 89.00 91.00 96.00
------------------------------------------------
symptom_onset 
       n  missing distinct 
    1085        0       63 

lowest : 2019-12-10 2019-12-20 2019-12-22 2019-12-23 2019-12-29
highest: 2020-02-23 2020-02-24 2020-02-25 2020-02-26 NA        
------------------------------------------------
If_onset_approximated 
       n  missing distinct 
    1085        0        3 
                            
Value          0     1    NA
Frequency    536    24   525
Proportion 0.494 0.022 0.484
------------------------------------------------
hosp_visit_date 
       n  missing distinct 
    1084        1       60 

lowest : 2//2020    2019-12-27 2019-12-31 2020-01-01 2020-01-03
highest: 2020-02-25 2020-02-26 2020-02-27 2020-02-28 NA        
------------------------------------------------
exposure_start 
       n  missing distinct 
    1085        0       38 

lowest : 2019-12-17 2019-12-20 2019-12-24 2019-12-29 2020-01-03
highest: 2020-02-17 2020-02-19 2020-02-20 2020-02-21 NA        
------------------------------------------------
exposure_end 
       n  missing distinct 
    1085        0       51 

lowest : 2020-01-02 2020-01-03 2020-01-04 2020-01-05 2020-01-06
highest: 2020-02-22 2020-02-23 2020-02-24 2020-02-25 NA        
------------------------------------------------
visiting Wuhan 
       n  missing distinct     Info      Sum 
    1085        0        2    0.437      192 
    Mean      Gmd 
   0.177   0.2916 

------------------------------------------------
from Wuhan 
       n  missing distinct 
    1085        0        3 
                            
Value          0     1    NA
Frequency    925   156     4
Proportion 0.853 0.144 0.004
------------------------------------------------
death 
       n  missing distinct 
    1085        0       14 

lowest : 0          1          2020-02-01 2020-02-13 2020-02-14
highest: 2020-02-24 2020-02-25 2020-02-26 2020-02-27 2020-02-28

0 (1022, 0.942), 1 (42, 0.039), 2020-02-01 (1,
0.001), 2020-02-13 (1, 0.001), 2020-02-14 (1,
0.001), 2020-02-19 (2, 0.002), 2020-02-21 (2,
0.002), 2020-02-22 (1, 0.001), 2020-02-23 (4,
0.004), 2020-02-24 (1, 0.001), 2020-02-25 (2,
0.002), 2020-02-26 (3, 0.003), 2020-02-27 (2,
0.002), 2020-02-28 (1, 0.001)
------------------------------------------------
recovered 
       n  missing distinct 
    1085        0       32 

lowest : 0          1          12/30/1899 2020-01-15 2020-01-17
highest: 2020-02-24 2020-02-25 2020-02-26 2020-02-27 2020-02-28
------------------------------------------------
symptom 
       n  missing distinct 
     270      815      108 

lowest : chest discomfort                    chills                              cold, fever, pneumonia              cough                               cough with sputum                  
highest: throat pain, chills                 throat pain, fever                  tired                               vomiting, cough, fever, sore throat vomiting, diarrhea, fever, cough   
------------------------------------------------
source 
       n  missing distinct 
    1085        0       85 

lowest : ABC                 ABC News            Al Arabiya          Aljazeera           Bangkok Post       
highest: Yonnhap News Agency 人民日报            人民日报官方微博    央视新闻            新浪               
------------------------------------------------
link 
       n  missing distinct 
    1085        0      490 

lowest : http://behdasht.gov.ir/news/%DA%A9%D8%B1%D9%88%D9%86%D8%A7+%D9%88%DB%8C%D8%B1%D9%88%D8%B3/199807/%D8%AF%D8%B1+%D8%B1%D9%88%D8%B2%D9%87%D8%A7%DB%8C+%DA%AF%D8%B0%D8%B4%D8%AA%D9%87+735+%D8%A8%DB%8C%D9%85%D8%A7%D8%B1+%D8%A8%D8%A7+%D8%B9%D9%84%D8%A7%D8%A6%D9%85+%D8%B4%D8%A8%D9%87+%D8%A2%D9%86%D9%81%D9%84%D9%88%D8%A2%D9%86%D8%B2%D8%A7+%D8%AF%D8%B1+%DA%A9%D8%B4%D9%88%D8%B1+%D8%A8%D8%B3%D8%AA%D8%B1%DB%8C+%D8%B4%D8%AF%D9%86%D8%AF+%D8%A8%D8%B1+%D8%A7%D8%B3%D8%A7%D8%B3+%D8%A2%D8%AE%D8%B1%DB%8C%D9%86+%D9%86%D8%AA%D8%A7%DB%8C%D8%AC+%D8%A2%D8%B2%D9%85%D8%A7%DB%8C%D8%B4+%D9%87%D8%A7+%D8%A7%D8%A8%D8%AA%D9%84%D8%A7%DB%8C+13+%D9%85%D9%88%D8%B1%D8%AF+%D8%AF%DB%8C%DA%AF%D8%B1+%D8%A8%D9%87+%DA%A9%D9%88%D9%88%DB%8C%D8%AF19+%D9%82%D8%B7%D8%B9%DB%8C+%D8%A8%D9%87+%D9%86%D8%B8%D8%B1+%D9%85%DB%8C+%D8%B1%D8%B3%D8%AF http://english.alarabiya.net/en/News/gulf/2020/02/25/Number-of-Kuwait-coronavirus-cases-rises-to-eight-KUNA.html                                                                                                                                                                                                                                                                                                                                                                                                                                                                                                                                                                                                                                                                                                                http://sxwjw.shaanxi.gov.cn/art/2020/1/27/art_9_67483.html                                                                                                                                                                                                                                                                                                                                                                                                                                                                                                                                                                                                                                                                                                                                                                      http://wjw.beijing.gov.cn/xwzx_20031/wnxw/202001/t20200121_1620353.html                                                                                                                                                                                                                                                                                                                                                                                                                                                                                                                                                                                                                                                                                                                                                         http://wjw.sz.gov.cn/wzx/202001/t20200120_18987787.htm                                                                                                                                                                                                                                                                                                                                                                                                                                                                                                                                                                                                                                                                                                                                                                         
highest: https://www3.nhk.or.jp/nhkworld/en/news/20200116_23/                                                                                                                                                                                                                                                                                                                                                                                                                                                                                                                                                                                                                                                                                                                                                                            https://www3.nhk.or.jp/nhkworld/en/news/20200124_14/                                                                                                                                                                                                                                                                                                                                                                                                                                                                                                                                                                                                                                                                                                                                                                            https://www3.nhk.or.jp/nhkworld/en/news/20200126_31/                                                                                                                                                                                                                                                                                                                                                                                                                                                                                                                                                                                                                                                                                                                                                                            https://www3.nhk.or.jp/nhkworld/en/news/20200130_02/                                                                                                                                                                                                                                                                                                                                                                                                                                                                                                                                                                                                                                                                                                                                                                            https://www3.nhk.or.jp/nhkworld/en/news/20200131_01/                                                                                                                                                                                                                                                                                                                                                                                                                                                                                                                                                                                                                                                                                                                                                                           
------------------------------------------------

Variables with all observations missing:

[1] ...4
> #cleaned up death data
> data$death_dummy = as.integer(data$death != 0)
> unique(data$death)
 [1] "0"          "1"          "2020-02-14"
 [4] "2020-02-26" "2020-02-13" "2020-02-28"
 [7] "2020-02-27" "2020-02-25" "2020-02-23"
[10] "2020-02-24" "2020-02-22" "2020-02-01"
[13] "2020-02-19" "2020-02-21"
> #cleaned up death data
> data$death_dummy = as.integer(data$death != 0)
> unique(data$death_dummy)
[1] 0 1
> rate
Error: object 'rate' not found
> #finding death rate
> sum(data$death_dummy) / nrow(data) #rate 5.8%
[1] 0.05806452
> #age of people who die
> #people who die are older
> dead = subset(data, death_dummy == 1) #63
> alive = subset(data, death_dummy == 0) #1022
> mean(dead$age)
[1] NA
> mean(dead$age, na.rm = TRUE)
[1] 68.58621
> mean(alive$age, na.rm = TRUE)
[1] 48.07229
> #is range of death significant
> t.test(alive$age, dead$age, alternative = "two.sided", conf.level = 0.95)

	Welch Two Sample t-test

data:  alive$age and dead$age
t = -10.839, df = 72.234, p-value <
2.2e-16
alternative hypothesis: true difference in means is not equal to 0
95 percent confidence interval:
 -24.28669 -16.74114
sample estimates:
mean of x mean of y 
 48.07229  68.58621 

> #is range of death significant
> t.test(alive$age, dead$age, alternative = "two.sided", conf.level = 0.99)

	Welch Two Sample t-test

data:  alive$age and dead$age
t = -10.839, df = 72.234, p-value <
2.2e-16
alternative hypothesis: true difference in means is not equal to 0
99 percent confidence interval:
 -25.52122 -15.50661
sample estimates:
mean of x mean of y 
 48.07229  68.58621 

> 2.2e-16
[1] 2.2e-16
> 0
[1] 0
> men = subset(data, gender == "male") #63
> women = subset(data, gender == "female") #1022
> mean(men$age, na.rm = TRUE) #68.6
[1] 49.84769
> mean(women$age, na.rm = TRUE) #48.1
[1] 49.63037
> men = subset(data, gender == "male") #63
> women = subset(data, gender == "female") #1022
> mean(men$death_dummy, na.rm = TRUE) #68.6
[1] 0.08461538
> mean(women$death_dummy, na.rm = TRUE)
[1] 0.03664921
> men = subset(data, gender == "male")
> #is gender significant
> t.test(men$death_dummy, women$death_dummy, alternative = "two.sided", conf.level = 0.99)

	Welch Two Sample t-test

data:  men$death_dummy and women$death_dummy
t = 3.084, df = 894.06, p-value = 0.002105
alternative hypothesis: true difference in means is not equal to 0
99 percent confidence interval:
 0.007817675 0.088114665
sample estimates:
 mean of x  mean of y 
0.08461538 0.03664921 

> save.image("~/environment_stats_on_covid19_2019.RData")